******************************************************************************
                  TI ARM Linker PC v20.2.7                     
******************************************************************************
>> Linked Sat Aug 19 12:03:32 2023

OUTPUT FILE NAME:   <SysTick.out>
ENTRY POINT SYMBOL: "_c_int00_noargs"  address: 00001079


MEMORY CONFIGURATION

         name            origin    length      used     unused   attr    fill
----------------------  --------  ---------  --------  --------  ----  --------
  FLASH                 00000000   00040000  00001166  0003ee9a  R  X
  SRAM                  20000000   00008000  0000020c  00007df4  RW X


SEGMENT ALLOCATION MAP

run origin  load origin   length   init length attrs members
----------  ----------- ---------- ----------- ----- -------
00000000    00000000    0000116c   0000116c    r-x
  00000000    00000000    0000026c   0000026c    r-- .intvecs
  0000026c    0000026c    00000e7e   00000e7e    r-x .text
  000010ea    000010ea    00000060   00000060    r-- .const
  00001150    00001150    0000001c   0000001c    r-- .cinit
20000000    20000000    0000020c   00000000    rw-
  20000000    20000000    00000200   00000000    rw- .stack
  20000200    20000200    0000000c   00000000    rw- .data


SECTION ALLOCATION MAP

 output                                  attributes/
section   page    origin      length       input sections
--------  ----  ----------  ----------   ----------------
.intvecs   0    00000000    0000026c     
                  00000000    0000026c     tm4c123gh6pm_startup_ccs.obj (.intvecs)

.text      0    0000026c    00000e7e     
                  0000026c    000009ec     DIO.obj (.text)
                  00000c58    000001f2     LCD.obj (.text)
                  00000e4a    0000009c     rtsv7M4_T_le_v4SPD16_eabi.lib : memcpy_t2.asm.obj (.text)
                  00000ee6    0000007c     Delay.obj (.text)
                  00000f62    00000068     rtsv7M4_T_le_v4SPD16_eabi.lib : copy_decompress_lzss.c.obj (.text:decompress:lzss:__TI_decompress_lzss)
                  00000fca    00000002     --HOLE-- [fill = 0]
                  00000fcc    00000068     main.obj (.text)
                  00001034    00000044     rtsv7M4_T_le_v4SPD16_eabi.lib : autoinit.c.obj (.text:__TI_auto_init_nobinit_nopinit:__TI_auto_init_nobinit_nopinit)
                  00001078    00000034                                   : boot_cortex_m.c.obj (.text:_c_int00_noargs:_c_int00_noargs)
                  000010ac    0000001c     SysTick.obj (.text)
                  000010c8    0000000e     rtsv7M4_T_le_v4SPD16_eabi.lib : copy_decompress_none.c.obj (.text:decompress:none:__TI_decompress_none)
                  000010d6    0000000c     tm4c123gh6pm_startup_ccs.obj (.text)
                  000010e2    00000004     rtsv7M4_T_le_v4SPD16_eabi.lib : pre_init.c.obj (.text:_system_pre_init)
                  000010e6    00000004                                   : exit.c.obj (.text:abort:abort)

.const     0    000010ea    00000060     
                  000010ea    00000060     DIO.obj (.const:pinCFG)

.cinit     0    00001150    0000001c     
                  00001150    0000000a     (.cinit..data.load) [load image, compression = lzss]
                  0000115a    00000002     --HOLE-- [fill = 0]
                  0000115c    00000008     (__TI_handler_table)
                  00001164    00000008     (__TI_cinit_table)

.init_array 
*          0    00000000    00000000     UNINITIALIZED

.data      0    20000200    0000000c     UNINITIALIZED
                  20000200    0000000c     main.obj (.data)

.stack     0    20000000    00000200     UNINITIALIZED
                  20000000    00000004     rtsv7M4_T_le_v4SPD16_eabi.lib : boot_cortex_m.c.obj (.stack)
                  20000004    000001fc     --HOLE--

__llvm_prf_cnts 
*          0    20000000    00000000     UNINITIALIZED

MODULE SUMMARY

       Module                         code   ro data   rw data
       ------                         ----   -------   -------
    .\
       DIO.obj                        2540   96        0      
       tm4c123gh6pm_startup_ccs.obj   12     620       0      
       LCD.obj                        498    0         0      
       Delay.obj                      124    0         0      
       main.obj                       104    0         12     
       SysTick.obj                    28     0         0      
    +--+------------------------------+------+---------+---------+
       Total:                         3306   716       12     
                                                              
    C:\ti\ccs1240\ccs\tools\compiler\ti-cgt-arm_20.2.7.LTS\lib\rtsv7M4_T_le_v4SPD16_eabi.lib
       memcpy_t2.asm.obj              156    0         0      
       copy_decompress_lzss.c.obj     104    0         0      
       autoinit.c.obj                 68     0         0      
       boot_cortex_m.c.obj            52     0         0      
       copy_decompress_none.c.obj     14     0         0      
       exit.c.obj                     4      0         0      
       pre_init.c.obj                 4      0         0      
    +--+------------------------------+------+---------+---------+
       Total:                         402    0         0      
                                                              
       Stack:                         0      0         512    
       Linker Generated:              0      26        0      
    +--+------------------------------+------+---------+---------+
       Grand Total:                   3708   742       524    


LINKER GENERATED COPY TABLES

__TI_cinit_table @ 00001164 records: 1, size/record: 8, table size: 8
	.data: load addr=00001150, load size=0000000a bytes, run addr=20000200, run size=0000000c bytes, compression=lzss


LINKER GENERATED HANDLER TABLE

__TI_handler_table @ 0000115c records: 2, size/record: 4, table size: 8
	index: 0, handler: __TI_decompress_lzss
	index: 1, handler: __TI_decompress_none


GLOBAL SYMBOLS: SORTED ALPHABETICALLY BY Name 

address   name                          
-------   ----                          
000010e7  C$$EXIT                       
00000af9  DIO_ChangePinDir              
0000026d  DIO_Init                      
000007fd  DIO_ReadPin                   
00000a0b  DIO_ReadPinBitBanding         
000008b5  DIO_ReadPort                  
00000699  DIO_WritePin                  
0000093d  DIO_WritePinBitBanding        
000005fd  DIO_WritePort                 
00000ce7  LCD_Char                      
00000c99  LCD_Clear                     
00000c59  LCD_Cmd                       
00000e21  LCD_GoTo                      
00000d59  LCD_GoToString                
00000ca3  LCD_Init                      
00000d2d  LCD_String                    
00000db5  LCD_Write_Int                 
000010d7  ResetISR                      
0000101f  SysTick_Handler               
000010ad  SysTick_Init                  
20000200  __STACK_END                   
00000200  __STACK_SIZE                  
20000200  __STACK_TOP                   
00001164  __TI_CINIT_Base               
0000116c  __TI_CINIT_Limit              
0000115c  __TI_Handler_Table_Base       
00001164  __TI_Handler_Table_Limit      
00001035  __TI_auto_init_nobinit_nopinit
00000f63  __TI_decompress_lzss          
000010c9  __TI_decompress_none          
ffffffff  __TI_pprof_out_hndl           
ffffffff  __TI_prof_data_size           
ffffffff  __TI_prof_data_start          
00000000  __TI_static_base__            
00000e4b  __aeabi_memcpy                
00000e4b  __aeabi_memcpy4               
00000e4b  __aeabi_memcpy8               
ffffffff  __binit__                     
ffffffff  __c_args__                    
UNDEFED   __mpu_init                    
20000000  __stack                       
20000000  __start___llvm_prf_cnts       
20000000  __stop___llvm_prf_cnts        
00001079  _c_int00_noargs               
UNDEFED   _system_post_cinit            
000010e3  _system_pre_init              
000010e7  abort                         
ffffffff  binit                         
00000ee7  delay_ms                      
00000f29  delay_us                      
20000200  flag                          
00000000  g_pfnVectors                  
00000fcd  main                          
00000e4b  memcpy                        
20000208  minutes                       
000010ea  pinCFG                        
20000204  sec                           


GLOBAL SYMBOLS: SORTED BY Symbol Address 

address   name                          
-------   ----                          
00000000  __TI_static_base__            
00000000  g_pfnVectors                  
00000200  __STACK_SIZE                  
0000026d  DIO_Init                      
000005fd  DIO_WritePort                 
00000699  DIO_WritePin                  
000007fd  DIO_ReadPin                   
000008b5  DIO_ReadPort                  
0000093d  DIO_WritePinBitBanding        
00000a0b  DIO_ReadPinBitBanding         
00000af9  DIO_ChangePinDir              
00000c59  LCD_Cmd                       
00000c99  LCD_Clear                     
00000ca3  LCD_Init                      
00000ce7  LCD_Char                      
00000d2d  LCD_String                    
00000d59  LCD_GoToString                
00000db5  LCD_Write_Int                 
00000e21  LCD_GoTo                      
00000e4b  __aeabi_memcpy                
00000e4b  __aeabi_memcpy4               
00000e4b  __aeabi_memcpy8               
00000e4b  memcpy                        
00000ee7  delay_ms                      
00000f29  delay_us                      
00000f63  __TI_decompress_lzss          
00000fcd  main                          
0000101f  SysTick_Handler               
00001035  __TI_auto_init_nobinit_nopinit
00001079  _c_int00_noargs               
000010ad  SysTick_Init                  
000010c9  __TI_decompress_none          
000010d7  ResetISR                      
000010e3  _system_pre_init              
000010e7  C$$EXIT                       
000010e7  abort                         
000010ea  pinCFG                        
0000115c  __TI_Handler_Table_Base       
00001164  __TI_CINIT_Base               
00001164  __TI_Handler_Table_Limit      
0000116c  __TI_CINIT_Limit              
20000000  __stack                       
20000000  __start___llvm_prf_cnts       
20000000  __stop___llvm_prf_cnts        
20000200  __STACK_END                   
20000200  __STACK_TOP                   
20000200  flag                          
20000204  sec                           
20000208  minutes                       
ffffffff  __TI_pprof_out_hndl           
ffffffff  __TI_prof_data_size           
ffffffff  __TI_prof_data_start          
ffffffff  __binit__                     
ffffffff  __c_args__                    
ffffffff  binit                         
UNDEFED   __mpu_init                    
UNDEFED   _system_post_cinit            

[57 symbols]
